1 = 1
(1 + 1) = 2
(6 / 2) = 3
(2 * 2) = 4
(20 - 15) = 5
((3 * 6) + -12) = 6
