AnonymousFunctionNoReturn.panda:4:18: error: functions must have a return type
1 error
