method 1: test2
method 1: test2
method 1: test2
test1test2
it worked!
test2:test1test2
