InstanceMethodOnClass.panda:16:9: error: cannot call instance method in a @class context
1 error
