InterfaceInit.frost:2:5: error: interfaces may not have 'init' methods
1 error
