Test2.foo
Test4.foo
Test5.foo
Test2.foo
Test4.foo
Test5.foo
