Hello, World!
Hello, World!
[World!]
Hello a third time!
55
3628800
1
10
[6, 7, 8, 9, 10]
[7]
426
426
Hello, Panda
Hello, Panda
