MisusedSelf.panda:4:18: error: cannot reference 'self' from a @class method
1 error
