Nullable Object: Null
true
false
true
false

Nullable Object: Non-Null
false
true
false
true

Nullable Value: Null
true
false
true
false

Nullable Value: Non-Null
false
true
false
true

Non-Nullable Value
false
true
