Broken.panda:8:5: error: expected a declaration, but found 'Broken'
ParseError2.panda:2:23: error: unknown identifier
2 errors
