PostconditionBadPostAnd.frost:4:16: error: cannot use '@postAnd' in a method which does not override another method; did you mean '@post'?
1 error
