PreconditionBadPreOr.panda:10:14: error: cannot use '@preOr' in a method which does not override another method; did you mean '@pre'?
1 error
