0.0 .. 10.0
0
1
2
3
4
5
6
7
8
9

0.0 .. 10.0 by 1
0
1
2
3
4
5
6
7
8
9

0.0 ... 10.0
0
1
2
3
4
5
6
7
8
9
10

0.0 ... 10.0 by 1
0
1
2
3
4
5
6
7
8
9
10

0.0 .. 10.0 by 0.5
0
0.5
1
1.5
2
2.5
3
3.5
4
4.5
5
5.5
6
6.5
7
7.5
8
8.5
9
9.5

0.0 ... 10.0 by 0.5
0
0.5
1
1.5
2
2.5
3
3.5
4
4.5
5
5.5
6
6.5
7
7.5
8
8.5
9
9.5
10

0.0 ... 10 by -0.5

0 .. -10.0 by 0.5

0 .. -10 by -0.5
0
-0.5
-1
-1.5
-2
-2.5
-3
-3.5
-4
-4.5
-5
-5.5
-6
-6.5
-7
-7.5
-8
-8.5
-9
-9.5

0.0 ... -10 by -0.5
0
-0.5
-1
-1.5
-2
-2.5
-3
-3.5
-4
-4.5
-5
-5.5
-6
-6.5
-7
-7.5
-8
-8.5
-9
-9.5
-10

onePointOne ... fivePointTwo
1.1
2.1
3.1
4.1
5.1

-1 ... fivePointTwo by onePointOne
-1
0.1
1.2
2.3
3.4
4.5

