RangeTypeMismatch2.panda:4:22: error: range endpoints must be value types, but found 'panda.core.Immutable'
1 error
