UnterminatedString2.frost:1:10: error: unterminated string literal
1 error
