VoidFunction.panda:1:1: error: functions must have a return type
1 error
