Name:
    First: Lucius
    Middle: M
    Last: Fox
